// Jest Snapshot v1, https://goo.gl/fbAQLP

exports[` 1`] = `
<div
  className="App"
>
  <header
    className="App-header"
  >
    <img
      alt="logo"
      className="App-logo"
      src="logo512.png"
    />
    <div>
      <address>
        Contact 
        tot
         via
         
        <a
          data-testid="email"
          href="mailto:tottranrotate@gmail.com"
        >
          email
        </a>
        or on their 
        <a
          data-testid="site"
          href="toithietke.vn"
        >
          website
        </a>
        .
      </address>
    </div>
  </header>
</div>
`;
